src/components/layout/Sidebar.tsx(76,93): error TS2304: Cannot find name 'isActive'.
src/components/layout/Topbar.tsx(10,5): error TS2724: '"lucide-react"' has no exported member named 'Buildings'. Did you mean 'Building'?
src/constants/index.tsx(15,10): error TS2305: Module '"../types"' has no exported member 'Property'.
src/constants/index.tsx(15,43): error TS2305: Module '"../types"' has no exported member 'Campaign'.
src/constants/index.tsx(15,53): error TS2305: Module '"../types"' has no exported member 'WebhookRecord'.
src/constants/index.tsx(15,68): error TS2305: Module '"../types"' has no exported member 'WebhookConfig'.
src/constants/index.tsx(15,89): error TS2305: Module '"../types"' has no exported member 'CreditPackage'.
src/constants/index.tsx(15,104): error TS2305: Module '"../types"' has no exported member 'CreditConsumption'.
src/constants/index.tsx(38,83): error TS2820: Type '"Active"' is not assignable to type '"active" | "draft" | "inactive"'. Did you mean '"active"'?
src/constants/index.tsx(39,69): error TS2820: Type '"Active"' is not assignable to type '"active" | "draft" | "inactive"'. Did you mean '"active"'?
src/constants/index.tsx(40,80): error TS2322: Type '"Paused"' is not assignable to type '"active" | "draft" | "inactive"'.
src/constants/index.tsx(41,66): error TS2820: Type '"Draft"' is not assignable to type '"active" | "draft" | "inactive"'. Did you mean '"draft"'?
src/constants/index.tsx(76,9): error TS2353: Object literal may only specify known properties, and 'crmFields' does not exist in type 'Contact'.
src/constants/index.tsx(86,9): error TS2353: Object literal may only specify known properties, and 'crmFields' does not exist in type 'Contact'.
src/constants/index.tsx(95,9): error TS2322: Type 'string' is not assignable to type 'Message'.
src/pages/Analytics.tsx(199,30): error TS2304: Cannot find name 'motion'.
src/pages/Analytics.tsx(231,162): error TS2304: Cannot find name 'ChevronRight'.
src/pages/Appointments.tsx(240,109): error TS2304: Cannot find name 'Zap'.
src/pages/Appointments.tsx(247,106): error TS2304: Cannot find name 'Zap'.
src/pages/Contacts.tsx(239,136): error TS2304: Cannot find name 'ShoppingBag'.
src/pages/Contacts.tsx(240,130): error TS2304: Cannot find name 'Zap'.
src/pages/FlowBuilder.tsx(118,70): error TS2304: Cannot find name 'ShoppingBag'.
src/pages/FlowBuilder.tsx(173,18): error TS2304: Cannot find name 'AnimatePresence'.
src/pages/FlowBuilder.tsx(175,26): error TS2304: Cannot find name 'motion'.
src/pages/FlowBuilder.tsx(218,27): error TS2304: Cannot find name 'motion'.
src/pages/FlowBuilder.tsx(220,19): error TS2304: Cannot find name 'AnimatePresence'.
src/pages/Flows.tsx(67,133): error TS2339: Property 'lastModified' does not exist on type 'Flow'.
src/pages/Flows.tsx(76,94): error TS2339: Property 'steps' does not exist on type 'Flow'.
src/pages/Flows.tsx(77,86): error TS2339: Property 'completions' does not exist on type 'Flow'.
src/pages/Flows.tsx(79,53): error TS2367: This comparison appears to be unintentional because the types '"active" | "draft" | "inactive"' and '"Active"' have no overlap.
src/pages/Flows.tsx(79,89): error TS2367: This comparison appears to be unintentional because the types '"active" | "draft" | "inactive"' and '"Paused"' have no overlap.
src/pages/Inbox.tsx(169,94): error TS2304: Cannot find name 'FileText'.
src/pages/Messages.tsx(42,13): error TS2820: Type '"Outbound"' is not assignable to type '"inbound" | "outbound"'. Did you mean '"outbound"'?
src/pages/Messages.tsx(43,13): error TS2820: Type '"Sent"' is not assignable to type 'MessageStatus'. Did you mean '"sent"'?
src/pages/Messages.tsx(44,13): error TS2820: Type '"Text"' is not assignable to type 'MessageType'. Did you mean '"text"'?
src/pages/Overview.tsx(50,70): error TS2304: Cannot find name 'PlusCircle'.
src/pages/Overview.tsx(139,34): error TS2304: Cannot find name 'motion'.
src/pages/Webhook.tsx(5,10): error TS2305: Module '"../types"' has no exported member 'WebhookRecord'.
src/pages/Webhook.tsx(5,25): error TS2305: Module '"../types"' has no exported member 'WebhookConfig'.
